Java HotSpot(TM) 64-Bit Server VM (25.91-b14) for windows-amd64 JRE (1.8.0_91-b14), built on Apr  1 2016 00:58:32 by "java_re" with MS VC++ 10.0 (VS2010)
Memory: 4k page, physical 16658656k(3269796k free), swap 21115104k(4992652k free)
CommandLine flags: -XX:CMSInitiatingOccupancyFraction=50 -XX:CMSMaxAbortablePrecleanTime=6000 -XX:+CMSParallelRemarkEnabled -XX:+CMSScavengeBeforeRemark -XX:ConcGCThreads=4 -XX:InitialHeapSize=536870912 -XX:MaxHeapSize=536870912 -XX:MaxTenuringThreshold=8 -XX:NewRatio=3 -XX:OldPLABSize=16 -XX:ParallelGCThreads=4 -XX:+ParallelRefProcEnabled -XX:PretenureSizeThreshold=67108864 -XX:+PrintGC -XX:+PrintGCApplicationStoppedTime -XX:+PrintGCDateStamps -XX:+PrintGCDetails -XX:+PrintGCTimeStamps -XX:+PrintHeapAtGC -XX:+PrintTenuringDistribution -XX:SurvivorRatio=4 -XX:TargetSurvivorRatio=90 -XX:ThreadStackSize=256 -XX:+UseCMSInitiatingOccupancyOnly -XX:+UseCompressedClassPointers -XX:+UseCompressedOops -XX:+UseConcMarkSweepGC -XX:-UseLargePagesIndividualAllocation -XX:+UseParNewGC 
2016-05-17T16:10:54.546-0400: 0.222: Total time for which application threads were stopped: 0.0000919 seconds, Stopping threads took: 0.0000239 seconds
2016-05-17T16:10:55.502-0400: 1.178: Total time for which application threads were stopped: 0.0000872 seconds, Stopping threads took: 0.0000171 seconds
2016-05-17T16:10:56.246-0400: 1.922: Total time for which application threads were stopped: 0.0001253 seconds, Stopping threads took: 0.0000188 seconds
2016-05-17T16:10:56.609-0400: 2.286: Total time for which application threads were stopped: 0.0001347 seconds, Stopping threads took: 0.0000197 seconds
2016-05-17T16:10:56.666-0400: 2.342: Total time for which application threads were stopped: 0.0001467 seconds, Stopping threads took: 0.0000188 seconds
2016-05-17T16:10:57.379-0400: 3.054: Total time for which application threads were stopped: 0.0001941 seconds, Stopping threads took: 0.0000197 seconds
2016-05-17T16:10:58.256-0400: 3.932: Total time for which application threads were stopped: 0.0002822 seconds, Stopping threads took: 0.0000278 seconds
2016-05-17T16:10:58.258-0400: 3.934: Total time for which application threads were stopped: 0.0001954 seconds, Stopping threads took: 0.0000210 seconds
2016-05-17T16:10:58.260-0400: 3.936: Total time for which application threads were stopped: 0.0001415 seconds, Stopping threads took: 0.0000154 seconds
2016-05-17T16:10:58.461-0400: 4.137: Total time for which application threads were stopped: 0.0001963 seconds, Stopping threads took: 0.0000235 seconds
2016-05-17T16:10:59.461-0400: 5.137: Total time for which application threads were stopped: 0.0000795 seconds, Stopping threads took: 0.0000278 seconds
2016-05-17T16:11:04.047-0400: 9.723: Total time for which application threads were stopped: 0.0001086 seconds, Stopping threads took: 0.0000419 seconds
2016-05-17T16:11:04.169-0400: 9.845: Total time for which application threads were stopped: 0.0002591 seconds, Stopping threads took: 0.0000526 seconds
2016-05-17T16:11:04.227-0400: 9.902: Total time for which application threads were stopped: 0.0001450 seconds, Stopping threads took: 0.0000389 seconds
2016-05-17T16:11:04.227-0400: 9.902: Total time for which application threads were stopped: 0.0000834 seconds, Stopping threads took: 0.0000436 seconds
2016-05-17T16:11:04.256-0400: 9.932: Total time for which application threads were stopped: 0.0000795 seconds, Stopping threads took: 0.0000295 seconds
2016-05-17T16:11:04.550-0400: 10.226: Total time for which application threads were stopped: 0.0001244 seconds, Stopping threads took: 0.0000235 seconds
2016-05-17T16:11:04.686-0400: 10.362: Total time for which application threads were stopped: 0.0000753 seconds, Stopping threads took: 0.0000227 seconds
2016-05-17T16:11:04.873-0400: 10.549: Total time for which application threads were stopped: 0.0000616 seconds, Stopping threads took: 0.0000192 seconds
2016-05-17T16:11:04.873-0400: 10.549: Total time for which application threads were stopped: 0.0000334 seconds, Stopping threads took: 0.0000124 seconds
2016-05-17T16:11:05.291-0400: 10.967: Total time for which application threads were stopped: 0.0002040 seconds, Stopping threads took: 0.0000218 seconds
2016-05-17T16:11:05.291-0400: 10.967: Total time for which application threads were stopped: 0.0000821 seconds, Stopping threads took: 0.0000513 seconds
2016-05-17T16:11:05.292-0400: 10.968: Total time for which application threads were stopped: 0.0000641 seconds, Stopping threads took: 0.0000154 seconds
2016-05-17T16:11:05.292-0400: 10.968: Total time for which application threads were stopped: 0.0000701 seconds, Stopping threads took: 0.0000346 seconds
2016-05-17T16:11:05.292-0400: 10.968: Total time for which application threads were stopped: 0.0000646 seconds, Stopping threads took: 0.0000278 seconds
2016-05-17T16:11:05.293-0400: 10.968: Total time for which application threads were stopped: 0.0000522 seconds, Stopping threads took: 0.0000081 seconds
2016-05-17T16:11:05.295-0400: 10.971: Total time for which application threads were stopped: 0.0000586 seconds, Stopping threads took: 0.0000197 seconds
{Heap before GC invocations=0 (full 0):
 par new generation   total 109248K, used 87424K [0x00000000e0000000, 0x00000000e8000000, 0x00000000e8000000)
  eden space 87424K, 100% used [0x00000000e0000000, 0x00000000e5560000, 0x00000000e5560000)
  from space 21824K,   0% used [0x00000000e5560000, 0x00000000e5560000, 0x00000000e6ab0000)
  to   space 21824K,   0% used [0x00000000e6ab0000, 0x00000000e6ab0000, 0x00000000e8000000)
 concurrent mark-sweep generation total 393216K, used 0K [0x00000000e8000000, 0x0000000100000000, 0x0000000100000000)
 Metaspace       used 17853K, capacity 18112K, committed 18432K, reserved 1064960K
  class space    used 2166K, capacity 2265K, committed 2304K, reserved 1048576K
2016-05-17T16:11:05.301-0400: 10.977: [GC (Allocation Failure) 2016-05-17T16:11:05.301-0400: 10.977: [ParNew
Desired survivor size 20112992 bytes, new threshold 8 (max 8)
- age   1:   11527712 bytes,   11527712 total
: 87424K->11375K(109248K), 0.0099284 secs] 87424K->11375K(502464K), 0.0100438 secs] [Times: user=0.00 sys=0.00, real=0.01 secs] 
Heap after GC invocations=1 (full 0):
 par new generation   total 109248K, used 11375K [0x00000000e0000000, 0x00000000e8000000, 0x00000000e8000000)
  eden space 87424K,   0% used [0x00000000e0000000, 0x00000000e0000000, 0x00000000e5560000)
  from space 21824K,  52% used [0x00000000e6ab0000, 0x00000000e75cbf88, 0x00000000e8000000)
  to   space 21824K,   0% used [0x00000000e5560000, 0x00000000e5560000, 0x00000000e6ab0000)
 concurrent mark-sweep generation total 393216K, used 0K [0x00000000e8000000, 0x0000000100000000, 0x0000000100000000)
 Metaspace       used 17853K, capacity 18112K, committed 18432K, reserved 1064960K
  class space    used 2166K, capacity 2265K, committed 2304K, reserved 1048576K
}
2016-05-17T16:11:05.311-0400: 10.987: Total time for which application threads were stopped: 0.0102641 seconds, Stopping threads took: 0.0000671 seconds
2016-05-17T16:11:05.323-0400: 10.999: Total time for which application threads were stopped: 0.0002587 seconds, Stopping threads took: 0.0000312 seconds
2016-05-17T16:11:05.394-0400: 11.070: Total time for which application threads were stopped: 0.0000646 seconds, Stopping threads took: 0.0000210 seconds
2016-05-17T16:11:05.419-0400: 11.095: Total time for which application threads were stopped: 0.0000646 seconds, Stopping threads took: 0.0000210 seconds
2016-05-17T16:11:05.419-0400: 11.095: Total time for which application threads were stopped: 0.0000282 seconds, Stopping threads took: 0.0000081 seconds
2016-05-17T16:11:05.420-0400: 11.095: Total time for which application threads were stopped: 0.0000274 seconds, Stopping threads took: 0.0000081 seconds
2016-05-17T16:11:05.588-0400: 11.264: Total time for which application threads were stopped: 0.0001001 seconds, Stopping threads took: 0.0000218 seconds
2016-05-17T16:11:05.591-0400: 11.267: Total time for which application threads were stopped: 0.0000398 seconds, Stopping threads took: 0.0000098 seconds
2016-05-17T16:11:05.629-0400: 11.305: Total time for which application threads were stopped: 0.0004665 seconds, Stopping threads took: 0.0000483 seconds
2016-05-17T16:11:05.944-0400: 11.620: Total time for which application threads were stopped: 0.0000710 seconds, Stopping threads took: 0.0000235 seconds
2016-05-17T16:11:06.079-0400: 11.755: Total time for which application threads were stopped: 0.0000706 seconds, Stopping threads took: 0.0000239 seconds
2016-05-17T16:11:06.079-0400: 11.755: Total time for which application threads were stopped: 0.0000355 seconds, Stopping threads took: 0.0000107 seconds
2016-05-17T16:11:06.079-0400: 11.755: Total time for which application threads were stopped: 0.0000560 seconds, Stopping threads took: 0.0000090 seconds
2016-05-17T16:11:06.079-0400: 11.755: Total time for which application threads were stopped: 0.0000411 seconds, Stopping threads took: 0.0000073 seconds
2016-05-17T16:11:06.079-0400: 11.755: Total time for which application threads were stopped: 0.0000239 seconds, Stopping threads took: 0.0000064 seconds
2016-05-17T16:11:06.079-0400: 11.755: Total time for which application threads were stopped: 0.0000231 seconds, Stopping threads took: 0.0000064 seconds
2016-05-17T16:11:06.079-0400: 11.755: Total time for which application threads were stopped: 0.0000389 seconds, Stopping threads took: 0.0000068 seconds
2016-05-17T16:11:06.080-0400: 11.755: Total time for which application threads were stopped: 0.0000381 seconds, Stopping threads took: 0.0000068 seconds
2016-05-17T16:11:06.080-0400: 11.755: Total time for which application threads were stopped: 0.0000239 seconds, Stopping threads took: 0.0000068 seconds
2016-05-17T16:11:06.080-0400: 11.755: Total time for which application threads were stopped: 0.0000325 seconds, Stopping threads took: 0.0000107 seconds
2016-05-17T16:11:06.080-0400: 11.756: Total time for which application threads were stopped: 0.0001112 seconds, Stopping threads took: 0.0000077 seconds
2016-05-17T16:11:07.080-0400: 12.756: Total time for which application threads were stopped: 0.0001193 seconds, Stopping threads took: 0.0000295 seconds
2016-05-17T16:11:10.355-0400: 16.031: Total time for which application threads were stopped: 0.0001826 seconds, Stopping threads took: 0.0000227 seconds
2016-05-17T16:11:10.356-0400: 16.032: Total time for which application threads were stopped: 0.0000680 seconds, Stopping threads took: 0.0000175 seconds
2016-05-17T16:11:10.459-0400: 16.135: Total time for which application threads were stopped: 0.0001629 seconds, Stopping threads took: 0.0000389 seconds
2016-05-17T16:11:10.696-0400: 16.373: Total time for which application threads were stopped: 0.0001621 seconds, Stopping threads took: 0.0000389 seconds
2016-05-17T16:11:10.797-0400: 16.473: Total time for which application threads were stopped: 0.0001005 seconds, Stopping threads took: 0.0000278 seconds
2016-05-17T16:11:11.508-0400: 17.183: Total time for which application threads were stopped: 0.0000932 seconds, Stopping threads took: 0.0000222 seconds
2016-05-17T16:11:11.511-0400: 17.186: Total time for which application threads were stopped: 0.0000757 seconds, Stopping threads took: 0.0000171 seconds
2016-05-17T16:11:11.664-0400: 17.340: Total time for which application threads were stopped: 0.0000821 seconds, Stopping threads took: 0.0000227 seconds
2016-05-17T16:11:11.806-0400: 17.481: Total time for which application threads were stopped: 0.0000825 seconds, Stopping threads took: 0.0000218 seconds
2016-05-17T16:11:12.400-0400: 18.076: Total time for which application threads were stopped: 0.0001112 seconds, Stopping threads took: 0.0000257 seconds
2016-05-17T16:11:12.804-0400: 18.480: Total time for which application threads were stopped: 0.0002313 seconds, Stopping threads took: 0.0000509 seconds
2016-05-17T16:11:12.866-0400: 18.542: Total time for which application threads were stopped: 0.0001676 seconds, Stopping threads took: 0.0000432 seconds
2016-05-17T16:11:12.906-0400: 18.582: Total time for which application threads were stopped: 0.0000817 seconds, Stopping threads took: 0.0000231 seconds
2016-05-17T16:11:12.939-0400: 18.616: Total time for which application threads were stopped: 0.0002557 seconds, Stopping threads took: 0.0000244 seconds
2016-05-17T16:11:12.964-0400: 18.640: Total time for which application threads were stopped: 0.0002865 seconds, Stopping threads took: 0.0000406 seconds
2016-05-17T16:11:13.331-0400: 19.007: Total time for which application threads were stopped: 0.0001535 seconds, Stopping threads took: 0.0000359 seconds
2016-05-17T16:11:13.426-0400: 19.101: Total time for which application threads were stopped: 0.0000834 seconds, Stopping threads took: 0.0000218 seconds
2016-05-17T16:11:13.429-0400: 19.105: Total time for which application threads were stopped: 0.0000864 seconds, Stopping threads took: 0.0000227 seconds
2016-05-17T16:11:13.479-0400: 19.155: Total time for which application threads were stopped: 0.0000894 seconds, Stopping threads took: 0.0000244 seconds
2016-05-17T16:11:13.498-0400: 19.174: Total time for which application threads were stopped: 0.0001557 seconds, Stopping threads took: 0.0000847 seconds
2016-05-17T16:11:13.660-0400: 19.337: Total time for which application threads were stopped: 0.0001031 seconds, Stopping threads took: 0.0000419 seconds
{Heap before GC invocations=1 (full 0):
 par new generation   total 109248K, used 98799K [0x00000000e0000000, 0x00000000e8000000, 0x00000000e8000000)
  eden space 87424K, 100% used [0x00000000e0000000, 0x00000000e5560000, 0x00000000e5560000)
  from space 21824K,  52% used [0x00000000e6ab0000, 0x00000000e75cbf88, 0x00000000e8000000)
  to   space 21824K,   0% used [0x00000000e5560000, 0x00000000e5560000, 0x00000000e6ab0000)
 concurrent mark-sweep generation total 393216K, used 0K [0x00000000e8000000, 0x0000000100000000, 0x0000000100000000)
 Metaspace       used 21286K, capacity 21516K, committed 21960K, reserved 1069056K
  class space    used 2607K, capacity 2717K, committed 2764K, reserved 1048576K
2016-05-17T16:11:13.717-0400: 19.393: [GC (Allocation Failure) 2016-05-17T16:11:13.717-0400: 19.393: [ParNew
Desired survivor size 20112992 bytes, new threshold 8 (max 8)
- age   1:    4464264 bytes,    4464264 total
- age   2:    5508984 bytes,    9973248 total
: 98799K->14019K(109248K), 0.0085326 secs] 98799K->14019K(502464K), 0.0086934 secs] [Times: user=0.06 sys=0.00, real=0.01 secs] 
Heap after GC invocations=2 (full 0):
 par new generation   total 109248K, used 14019K [0x00000000e0000000, 0x00000000e8000000, 0x00000000e8000000)
  eden space 87424K,   0% used [0x00000000e0000000, 0x00000000e0000000, 0x00000000e5560000)
  from space 21824K,  64% used [0x00000000e5560000, 0x00000000e6310d00, 0x00000000e6ab0000)
  to   space 21824K,   0% used [0x00000000e6ab0000, 0x00000000e6ab0000, 0x00000000e8000000)
 concurrent mark-sweep generation total 393216K, used 0K [0x00000000e8000000, 0x0000000100000000, 0x0000000100000000)
 Metaspace       used 21286K, capacity 21516K, committed 21960K, reserved 1069056K
  class space    used 2607K, capacity 2717K, committed 2764K, reserved 1048576K
}
2016-05-17T16:11:13.726-0400: 19.402: Total time for which application threads were stopped: 0.0088854 seconds, Stopping threads took: 0.0000287 seconds
2016-05-17T16:11:13.726-0400: 19.402: [GC (CMS Initial Mark) [1 CMS-initial-mark: 0K(393216K)] 15191K(502464K), 0.0019992 secs] [Times: user=0.00 sys=0.00, real=0.00 secs] 
2016-05-17T16:11:13.728-0400: 19.404: Total time for which application threads were stopped: 0.0021758 seconds, Stopping threads took: 0.0000594 seconds
2016-05-17T16:11:13.728-0400: 19.404: [CMS-concurrent-mark-start]
2016-05-17T16:11:13.728-0400: 19.404: [CMS-concurrent-mark: 0.000/0.000 secs] [Times: user=0.00 sys=0.00, real=0.00 secs] 
2016-05-17T16:11:13.728-0400: 19.404: [CMS-concurrent-preclean-start]
2016-05-17T16:11:13.729-0400: 19.405: Total time for which application threads were stopped: 0.0001193 seconds, Stopping threads took: 0.0000714 seconds
2016-05-17T16:11:13.729-0400: 19.405: [CMS-concurrent-preclean: 0.001/0.001 secs] [Times: user=0.00 sys=0.00, real=0.00 secs] 
2016-05-17T16:11:13.729-0400: 19.405: Total time for which application threads were stopped: 0.0000928 seconds, Stopping threads took: 0.0000509 seconds
2016-05-17T16:11:13.729-0400: 19.406: [GC (CMS Final Remark) [YG occupancy: 15191 K (109248 K)]{Heap before GC invocations=2 (full 1):
 par new generation   total 109248K, used 15191K [0x00000000e0000000, 0x00000000e8000000, 0x00000000e8000000)
  eden space 87424K,   1% used [0x00000000e0000000, 0x00000000e0125040, 0x00000000e5560000)
  from space 21824K,  64% used [0x00000000e5560000, 0x00000000e6310d00, 0x00000000e6ab0000)
  to   space 21824K,   0% used [0x00000000e6ab0000, 0x00000000e6ab0000, 0x00000000e8000000)
 concurrent mark-sweep generation total 393216K, used 0K [0x00000000e8000000, 0x0000000100000000, 0x0000000100000000)
 Metaspace       used 21286K, capacity 21516K, committed 21960K, reserved 1069056K
  class space    used 2607K, capacity 2717K, committed 2764K, reserved 1048576K
2016-05-17T16:11:13.729-0400: 19.406: [GC (CMS Final Remark) 2016-05-17T16:11:13.729-0400: 19.406: [ParNew
Desired survivor size 20112992 bytes, new threshold 8 (max 8)
- age   1:     335480 bytes,     335480 total
- age   2:    3153312 bytes,    3488792 total
- age   3:    5507096 bytes,    8995888 total
: 15191K->10809K(109248K), 0.0062041 secs] 15191K->10809K(502464K), 0.0062725 secs] [Times: user=0.00 sys=0.00, real=0.01 secs] 
Heap after GC invocations=3 (full 1):
 par new generation   total 109248K, used 10809K [0x00000000e0000000, 0x00000000e8000000, 0x00000000e8000000)
  eden space 87424K,   0% used [0x00000000e0000000, 0x00000000e0000000, 0x00000000e5560000)
  from space 21824K,  49% used [0x00000000e6ab0000, 0x00000000e753e440, 0x00000000e8000000)
  to   space 21824K,   0% used [0x00000000e5560000, 0x00000000e5560000, 0x00000000e6ab0000)
 concurrent mark-sweep generation total 393216K, used 0K [0x00000000e8000000, 0x0000000100000000, 0x0000000100000000)
 Metaspace       used 21286K, capacity 21516K, committed 21960K, reserved 1069056K
  class space    used 2607K, capacity 2717K, committed 2764K, reserved 1048576K
}
2016-05-17T16:11:13.736-0400: 19.412: [Rescan (parallel) , 0.0021506 secs]2016-05-17T16:11:13.738-0400: 19.414: [weak refs processing, 0.0006350 secs]2016-05-17T16:11:13.739-0400: 19.415: [class unloading, 0.0028237 secs]2016-05-17T16:11:13.742-0400: 19.418: [scrub symbol table, 0.0028583 secs]2016-05-17T16:11:13.745-0400: 19.420: [scrub string table, 0.0003229 secs][1 CMS-remark: 0K(393216K)] 10809K(502464K), 0.0159653 secs] [Times: user=0.00 sys=0.00, real=0.02 secs] 
2016-05-17T16:11:13.746-0400: 19.422: Total time for which application threads were stopped: 0.0160756 seconds, Stopping threads took: 0.0000385 seconds
2016-05-17T16:11:13.746-0400: 19.422: [CMS-concurrent-sweep-start]
2016-05-17T16:11:13.746-0400: 19.422: Total time for which application threads were stopped: 0.0002562 seconds, Stopping threads took: 0.0001702 seconds
2016-05-17T16:11:13.746-0400: 19.422: [CMS-concurrent-sweep: 0.000/0.000 secs] [Times: user=0.00 sys=0.00, real=0.00 secs] 
2016-05-17T16:11:13.746-0400: 19.422: [CMS-concurrent-reset-start]
2016-05-17T16:11:13.748-0400: 19.423: [CMS-concurrent-reset: 0.001/0.001 secs] [Times: user=0.00 sys=0.00, real=0.00 secs] 
2016-05-17T16:11:13.927-0400: 19.603: Total time for which application threads were stopped: 0.0000851 seconds, Stopping threads took: 0.0000227 seconds
2016-05-17T16:11:14.401-0400: 20.077: Total time for which application threads were stopped: 0.0001061 seconds, Stopping threads took: 0.0000231 seconds
2016-05-17T16:11:14.539-0400: 20.215: Total time for which application threads were stopped: 0.0002848 seconds, Stopping threads took: 0.0000359 seconds
2016-05-17T16:11:14.772-0400: 20.448: Total time for which application threads were stopped: 0.0000744 seconds, Stopping threads took: 0.0000205 seconds
2016-05-17T16:11:15.560-0400: 21.237: Total time for which application threads were stopped: 0.0000710 seconds, Stopping threads took: 0.0000210 seconds
2016-05-17T16:11:15.690-0400: 21.365: Total time for which application threads were stopped: 0.0001300 seconds, Stopping threads took: 0.0000274 seconds
2016-05-17T16:11:15.898-0400: 21.574: Total time for which application threads were stopped: 0.0003220 seconds, Stopping threads took: 0.0000269 seconds
2016-05-17T16:11:15.900-0400: 21.576: Total time for which application threads were stopped: 0.0000458 seconds, Stopping threads took: 0.0000175 seconds
2016-05-17T16:11:15.928-0400: 21.604: Total time for which application threads were stopped: 0.0003207 seconds, Stopping threads took: 0.0000287 seconds
2016-05-17T16:11:16.018-0400: 21.694: Total time for which application threads were stopped: 0.0001262 seconds, Stopping threads took: 0.0000663 seconds
2016-05-17T16:11:16.020-0400: 21.696: Total time for which application threads were stopped: 0.0000718 seconds, Stopping threads took: 0.0000184 seconds
2016-05-17T16:11:16.166-0400: 21.842: Total time for which application threads were stopped: 0.0000928 seconds, Stopping threads took: 0.0000205 seconds
2016-05-17T16:11:16.429-0400: 22.105: Total time for which application threads were stopped: 0.0000924 seconds, Stopping threads took: 0.0000338 seconds
2016-05-17T16:11:16.429-0400: 22.105: Total time for which application threads were stopped: 0.0000440 seconds, Stopping threads took: 0.0000124 seconds
2016-05-17T16:11:16.955-0400: 22.631: Total time for which application threads were stopped: 0.0001475 seconds, Stopping threads took: 0.0000411 seconds
2016-05-17T16:11:16.999-0400: 22.675: Total time for which application threads were stopped: 0.0000740 seconds, Stopping threads took: 0.0000239 seconds
2016-05-17T16:11:17.003-0400: 22.678: Total time for which application threads were stopped: 0.0000783 seconds, Stopping threads took: 0.0000261 seconds
2016-05-17T16:11:17.004-0400: 22.679: Total time for which application threads were stopped: 0.0000573 seconds, Stopping threads took: 0.0000175 seconds
2016-05-17T16:11:18.004-0400: 23.680: Total time for which application threads were stopped: 0.0001920 seconds, Stopping threads took: 0.0000582 seconds
2016-05-17T16:11:21.552-0400: 27.227: Total time for which application threads were stopped: 0.0000800 seconds, Stopping threads took: 0.0000312 seconds
2016-05-17T16:11:21.556-0400: 27.232: Total time for which application threads were stopped: 0.0001018 seconds, Stopping threads took: 0.0000415 seconds
2016-05-17T16:11:21.561-0400: 27.237: Total time for which application threads were stopped: 0.0000761 seconds, Stopping threads took: 0.0000334 seconds
2016-05-17T16:11:21.572-0400: 27.248: Total time for which application threads were stopped: 0.0000898 seconds, Stopping threads took: 0.0000278 seconds
2016-05-17T16:11:21.650-0400: 27.326: Total time for which application threads were stopped: 0.0001069 seconds, Stopping threads took: 0.0000239 seconds
2016-05-17T16:11:21.675-0400: 27.351: Total time for which application threads were stopped: 0.0001835 seconds, Stopping threads took: 0.0000257 seconds
2016-05-17T16:11:21.940-0400: 27.616: Total time for which application threads were stopped: 0.0003173 seconds, Stopping threads took: 0.0000248 seconds
{Heap before GC invocations=3 (full 1):
 par new generation   total 109248K, used 98233K [0x00000000e0000000, 0x00000000e8000000, 0x00000000e8000000)
  eden space 87424K, 100% used [0x00000000e0000000, 0x00000000e5560000, 0x00000000e5560000)
  from space 21824K,  49% used [0x00000000e6ab0000, 0x00000000e753e440, 0x00000000e8000000)
  to   space 21824K,   0% used [0x00000000e5560000, 0x00000000e5560000, 0x00000000e6ab0000)
 concurrent mark-sweep generation total 393216K, used 0K [0x00000000e8000000, 0x0000000100000000, 0x0000000100000000)
 Metaspace       used 27385K, capacity 27766K, committed 28104K, reserved 1073152K
  class space    used 3353K, capacity 3456K, committed 3532K, reserved 1048576K
2016-05-17T16:11:22.514-0400: 28.189: [GC (Allocation Failure) 2016-05-17T16:11:22.514-0400: 28.189: [ParNew
Desired survivor size 20112992 bytes, new threshold 8 (max 8)
- age   1:    9812568 bytes,    9812568 total
- age   3:     917432 bytes,   10730000 total
- age   4:    5492144 bytes,   16222144 total
: 98233K->19849K(109248K), 0.0119506 secs] 98233K->19849K(502464K), 0.0120417 secs] [Times: user=0.08 sys=0.00, real=0.01 secs] 
Heap after GC invocations=4 (full 1):
 par new generation   total 109248K, used 19849K [0x00000000e0000000, 0x00000000e8000000, 0x00000000e8000000)
  eden space 87424K,   0% used [0x00000000e0000000, 0x00000000e0000000, 0x00000000e5560000)
  from space 21824K,  90% used [0x00000000e5560000, 0x00000000e68c2580, 0x00000000e6ab0000)
  to   space 21824K,   0% used [0x00000000e6ab0000, 0x00000000e6ab0000, 0x00000000e8000000)
 concurrent mark-sweep generation total 393216K, used 0K [0x00000000e8000000, 0x0000000100000000, 0x0000000100000000)
 Metaspace       used 27385K, capacity 27766K, committed 28104K, reserved 1073152K
  class space    used 3353K, capacity 3456K, committed 3532K, reserved 1048576K
}
2016-05-17T16:11:22.526-0400: 28.201: Total time for which application threads were stopped: 0.0123932 seconds, Stopping threads took: 0.0000282 seconds
2016-05-17T16:11:22.526-0400: 28.202: Total time for which application threads were stopped: 0.0000885 seconds, Stopping threads took: 0.0000274 seconds
2016-05-17T16:11:22.527-0400: 28.202: Total time for which application threads were stopped: 0.0000731 seconds, Stopping threads took: 0.0000265 seconds
2016-05-17T16:11:23.187-0400: 28.863: Total time for which application threads were stopped: 0.0001120 seconds, Stopping threads took: 0.0000381 seconds
2016-05-17T16:11:23.187-0400: 28.863: Total time for which application threads were stopped: 0.0000795 seconds, Stopping threads took: 0.0000269 seconds
2016-05-17T16:11:23.187-0400: 28.864: Total time for which application threads were stopped: 0.0000517 seconds, Stopping threads took: 0.0000115 seconds
2016-05-17T16:11:23.234-0400: 28.911: Total time for which application threads were stopped: 0.0001026 seconds, Stopping threads took: 0.0000269 seconds
2016-05-17T16:11:23.235-0400: 28.911: Total time for which application threads were stopped: 0.0000445 seconds, Stopping threads took: 0.0000145 seconds
2016-05-17T16:11:23.790-0400: 29.466: Total time for which application threads were stopped: 0.0000650 seconds, Stopping threads took: 0.0000222 seconds
2016-05-17T16:15:00.332-0400: 246.008: Total time for which application threads were stopped: 0.0001142 seconds, Stopping threads took: 0.0000393 seconds
2016-05-17T16:15:00.332-0400: 246.008: Total time for which application threads were stopped: 0.0000475 seconds, Stopping threads took: 0.0000145 seconds
2016-05-17T16:15:00.332-0400: 246.008: Total time for which application threads were stopped: 0.0000488 seconds, Stopping threads took: 0.0000137 seconds
2016-05-17T16:15:00.332-0400: 246.008: Total time for which application threads were stopped: 0.0000633 seconds, Stopping threads took: 0.0000248 seconds
2016-05-17T16:15:00.332-0400: 246.008: Total time for which application threads were stopped: 0.0000500 seconds, Stopping threads took: 0.0000235 seconds
2016-05-17T16:15:00.332-0400: 246.009: Total time for which application threads were stopped: 0.0000654 seconds, Stopping threads took: 0.0000453 seconds
2016-05-17T16:15:00.333-0400: 246.009: Total time for which application threads were stopped: 0.0000363 seconds, Stopping threads took: 0.0000107 seconds
2016-05-17T16:15:00.333-0400: 246.009: Total time for which application threads were stopped: 0.0000629 seconds, Stopping threads took: 0.0000346 seconds
2016-05-17T16:15:00.333-0400: 246.009: Total time for which application threads were stopped: 0.0000334 seconds, Stopping threads took: 0.0000120 seconds
2016-05-17T16:15:00.333-0400: 246.009: Total time for which application threads were stopped: 0.0000381 seconds, Stopping threads took: 0.0000098 seconds
2016-05-17T16:15:00.333-0400: 246.009: Total time for which application threads were stopped: 0.0000599 seconds, Stopping threads took: 0.0000205 seconds
2016-05-17T16:15:00.333-0400: 246.009: Total time for which application threads were stopped: 0.0000629 seconds, Stopping threads took: 0.0000227 seconds
2016-05-17T16:15:00.333-0400: 246.009: Total time for which application threads were stopped: 0.0000505 seconds, Stopping threads took: 0.0000214 seconds
2016-05-17T16:15:00.333-0400: 246.009: Total time for which application threads were stopped: 0.0001180 seconds, Stopping threads took: 0.0000201 seconds
2016-05-17T16:15:00.334-0400: 246.010: Total time for which application threads were stopped: 0.0000517 seconds, Stopping threads took: 0.0000210 seconds
2016-05-17T16:15:00.431-0400: 246.107: Total time for which application threads were stopped: 0.0000753 seconds, Stopping threads took: 0.0000239 seconds
2016-05-17T16:15:00.597-0400: 246.273: Total time for which application threads were stopped: 0.0002147 seconds, Stopping threads took: 0.0000629 seconds
2016-05-17T16:15:00.673-0400: 246.350: Total time for which application threads were stopped: 0.0000894 seconds, Stopping threads took: 0.0000239 seconds
2016-05-17T16:15:00.673-0400: 246.350: Total time for which application threads were stopped: 0.0000376 seconds, Stopping threads took: 0.0000107 seconds
2016-05-17T16:15:00.674-0400: 246.350: Total time for which application threads were stopped: 0.0000535 seconds, Stopping threads took: 0.0000227 seconds
2016-05-17T16:15:00.674-0400: 246.350: Total time for which application threads were stopped: 0.0000351 seconds, Stopping threads took: 0.0000098 seconds
2016-05-17T16:15:00.674-0400: 246.350: Total time for which application threads were stopped: 0.0000411 seconds, Stopping threads took: 0.0000171 seconds
2016-05-17T16:15:00.674-0400: 246.350: Total time for which application threads were stopped: 0.0000359 seconds, Stopping threads took: 0.0000107 seconds
2016-05-17T16:15:00.674-0400: 246.350: Total time for which application threads were stopped: 0.0000389 seconds, Stopping threads took: 0.0000192 seconds
2016-05-17T16:15:00.674-0400: 246.350: Total time for which application threads were stopped: 0.0000372 seconds, Stopping threads took: 0.0000124 seconds
2016-05-17T16:15:00.674-0400: 246.351: Total time for which application threads were stopped: 0.0000295 seconds, Stopping threads took: 0.0000086 seconds
2016-05-17T16:15:00.674-0400: 246.351: Total time for which application threads were stopped: 0.0000312 seconds, Stopping threads took: 0.0000107 seconds
2016-05-17T16:15:00.675-0400: 246.351: Total time for which application threads were stopped: 0.0000633 seconds, Stopping threads took: 0.0000180 seconds
2016-05-17T16:15:00.675-0400: 246.352: Total time for which application threads were stopped: 0.0000462 seconds, Stopping threads took: 0.0000133 seconds
2016-05-17T16:15:00.676-0400: 246.352: Total time for which application threads were stopped: 0.0000654 seconds, Stopping threads took: 0.0000257 seconds
2016-05-17T16:15:00.676-0400: 246.352: Total time for which application threads were stopped: 0.0001411 seconds, Stopping threads took: 0.0000145 seconds
2016-05-17T16:15:00.682-0400: 246.358: Total time for which application threads were stopped: 0.0002690 seconds, Stopping threads took: 0.0001899 seconds
2016-05-17T16:15:00.777-0400: 246.453: Total time for which application threads were stopped: 0.0001672 seconds, Stopping threads took: 0.0001048 seconds
2016-05-17T16:15:00.778-0400: 246.454: Total time for which application threads were stopped: 0.0001394 seconds, Stopping threads took: 0.0000821 seconds
2016-05-17T16:15:00.779-0400: 246.455: Total time for which application threads were stopped: 0.0001112 seconds, Stopping threads took: 0.0000586 seconds
2016-05-17T16:15:00.780-0400: 246.455: Total time for which application threads were stopped: 0.0000941 seconds, Stopping threads took: 0.0000381 seconds
2016-05-17T16:15:00.780-0400: 246.456: Total time for which application threads were stopped: 0.0001133 seconds, Stopping threads took: 0.0000624 seconds
2016-05-17T16:15:00.780-0400: 246.456: Total time for which application threads were stopped: 0.0000479 seconds, Stopping threads took: 0.0000115 seconds
2016-05-17T16:15:00.781-0400: 246.456: Total time for which application threads were stopped: 0.0001552 seconds, Stopping threads took: 0.0001052 seconds
2016-05-17T16:15:00.781-0400: 246.457: Total time for which application threads were stopped: 0.0000530 seconds, Stopping threads took: 0.0000111 seconds
2016-05-17T16:15:00.781-0400: 246.457: Total time for which application threads were stopped: 0.0000488 seconds, Stopping threads took: 0.0000103 seconds
2016-05-17T16:15:00.781-0400: 246.457: Total time for which application threads were stopped: 0.0001912 seconds, Stopping threads took: 0.0000599 seconds
2016-05-17T16:15:01.781-0400: 247.457: Total time for which application threads were stopped: 0.0001056 seconds, Stopping threads took: 0.0000248 seconds
2016-05-17T16:15:02.781-0400: 248.457: Total time for which application threads were stopped: 0.0001552 seconds, Stopping threads took: 0.0000436 seconds
2016-05-17T16:15:03.253-0400: 248.929: Total time for which application threads were stopped: 0.0001368 seconds, Stopping threads took: 0.0000552 seconds
2016-05-17T16:15:03.253-0400: 248.929: Total time for which application threads were stopped: 0.0000671 seconds, Stopping threads took: 0.0000214 seconds
2016-05-17T16:15:03.253-0400: 248.929: Total time for which application threads were stopped: 0.0000718 seconds, Stopping threads took: 0.0000316 seconds
2016-05-17T16:15:03.253-0400: 248.929: Total time for which application threads were stopped: 0.0000676 seconds, Stopping threads took: 0.0000269 seconds
2016-05-17T16:15:03.254-0400: 248.929: Total time for which application threads were stopped: 0.0001484 seconds, Stopping threads took: 0.0001099 seconds
2016-05-17T16:15:03.254-0400: 248.930: Total time for which application threads were stopped: 0.0000907 seconds, Stopping threads took: 0.0000321 seconds
2016-05-17T16:15:03.255-0400: 248.931: Total time for which application threads were stopped: 0.0001279 seconds, Stopping threads took: 0.0000748 seconds
2016-05-17T16:15:03.256-0400: 248.932: Total time for which application threads were stopped: 0.0003477 seconds, Stopping threads took: 0.0002313 seconds
2016-05-17T16:15:03.256-0400: 248.932: Total time for which application threads were stopped: 0.0001031 seconds, Stopping threads took: 0.0000466 seconds
2016-05-17T16:15:03.256-0400: 248.932: Total time for which application threads were stopped: 0.0000881 seconds, Stopping threads took: 0.0000351 seconds
2016-05-17T16:15:03.257-0400: 248.932: Total time for which application threads were stopped: 0.0000868 seconds, Stopping threads took: 0.0000287 seconds
2016-05-17T16:15:03.257-0400: 248.933: Total time for which application threads were stopped: 0.0000641 seconds, Stopping threads took: 0.0000171 seconds
2016-05-17T16:15:03.257-0400: 248.933: Total time for which application threads were stopped: 0.0000706 seconds, Stopping threads took: 0.0000239 seconds
2016-05-17T16:15:03.258-0400: 248.933: Total time for which application threads were stopped: 0.0000804 seconds, Stopping threads took: 0.0000308 seconds
2016-05-17T16:15:03.394-0400: 249.070: Total time for which application threads were stopped: 0.0000885 seconds, Stopping threads took: 0.0000227 seconds
2016-05-17T16:15:03.394-0400: 249.070: Total time for which application threads were stopped: 0.0000432 seconds, Stopping threads took: 0.0000115 seconds
2016-05-17T16:15:03.394-0400: 249.070: Total time for which application threads were stopped: 0.0000316 seconds, Stopping threads took: 0.0000081 seconds
2016-05-17T16:15:03.394-0400: 249.070: Total time for which application threads were stopped: 0.0000312 seconds, Stopping threads took: 0.0000081 seconds
2016-05-17T16:15:03.394-0400: 249.070: Total time for which application threads were stopped: 0.0000304 seconds, Stopping threads took: 0.0000077 seconds
2016-05-17T16:15:03.395-0400: 249.070: Total time for which application threads were stopped: 0.0000308 seconds, Stopping threads took: 0.0000077 seconds
2016-05-17T16:15:03.395-0400: 249.071: Total time for which application threads were stopped: 0.0001026 seconds, Stopping threads took: 0.0000077 seconds
2016-05-17T16:15:07.606-0400: 253.283: Total time for which application threads were stopped: 0.0002091 seconds, Stopping threads took: 0.0000740 seconds
2016-05-17T16:15:07.608-0400: 253.284: T